// Jest Snapshot v1, https://goo.gl/fbAQLP

exports[`AppConfigSchemaPropertiesTable correctly matches snapshot 1`] = `
<div>
  <div
    class="css-gxs0zd-tableWrapperStyle"
  >
    <table
      class="css-33l6in-tableStyle-Table"
    >
      <thead
        class="css-7aq1e9-tableHeadStyle"
      >
        <tr
          class="css-1ne1f2k-tableRowStyle-Row"
        >
          <th
            class="css-qgy7w-tableHeadersCellStyle-HeaderCell"
          >
            Property
          </th>
          <th
            class="css-qgy7w-tableHeadersCellStyle-HeaderCell"
          >
            Description
          </th>
        </tr>
      </thead>
      <tbody>
        <tr
          class="css-1ne1f2k-tableRowStyle-Row"
        >
          <td
            class="css-1rwbqei-tableCellStyle-fitContentStyle-Cell"
          >
            <div
              data-testid="<propertyAnchor level={0}><inlineCode>name</inlineCode></propertyAnchor>"
              style="margin-left: 0px; display: block; list-style-type: circle; overflow-x: visible;"
            >
              <div
                class=" css-pb2q8c-paragraph-STYLES_PARAGRAPH_DIV"
                data-text="true"
              >
                <div
                  class="css-1rh3o5q-STYLES_PERMALINK"
                >
                  <span
                    class="css-zonpcr-STYLES_PERMALINK_TARGET"
                    id="name"
                  />
                  <a
                    class="css-15lh5hg-STYLES_PERMALINK_LINK"
                    href="#name"
                  >
                    <span
                      class="css-1icvi79-STYLED_PERMALINK_CONTENT"
                    >
                      <code
                        class="inline css-18wudxk-STYLES_INLINE_CODE-InlineCode"
                      >
                        name
                      </code>
                    </span>
                    <span
                      class="css-10vdcw8-STYLES_PERMALINK_ICON"
                    >
                      <svg
                        aria-label="permalink"
                        class="anchor-icon"
                        fill="none"
                        height="24"
                        viewBox="0 0 24 24"
                        width="24"
                        xmlns="http://www.w3.org/2000/svg"
                      >
                        <path
                          d="M10 13a5 5 0 007.54.54l3-3a5 5 0 00-7.07-7.07l-1.72 1.71"
                          stroke="#9B9B9B"
                          stroke-linecap="round"
                          stroke-linejoin="round"
                          stroke-width="2"
                        />
                        <path
                          d="M14 11a5 5 0 00-7.54-.54l-3 3a5 5 0 007.07 7.07l1.71-1.71"
                          stroke="#9B9B9B"
                          stroke-linecap="round"
                          stroke-linejoin="round"
                          stroke-width="2"
                        />
                      </svg>
                    </span>
                  </a>
                </div>
              </div>
            </div>
          </td>
          <td
            class="css-1sp938g-tableCellStyle-Cell"
          >
            <div
              class=" css-pb2q8c-paragraph-STYLES_PARAGRAPH_DIV"
              data-text="true"
            >
              <strong
                class="css-m2r9l3-paragraph-STYLES_BOLD_PARAGRAPH"
              >
                (string)
              </strong>
               - Name of your app.
              <div
                class="css-n8bp3f-configDetailsStyle"
              >
                <details
                  class="css-1gm7vyo-detailsStyle"
                >
                  <summary
                    class="css-wamx7z-summaryStyle"
                  >
                    <div
                      class="css-17fddbt-markerWrapperStyle"
                    >
                      <svg
                        class="css-uzday9-markerStyle"
                        fill="none"
                        height="16"
                        role="img"
                        size="16"
                        viewBox="0 0 20 20"
                        width="16"
                      >
                        <title>
                          Triangle-down-icon
                        </title>
                        <path
                          d="M16.993 6.667H3.227l6.883 6.883 6.883-6.883z"
                          fill="var(--expo-theme-icon-default)"
                        />
                      </svg>
                    </div>
                    <span
                      class="css-7o0bj4-baseTextStyle-HEADLINE-TextComponent"
                    >
                      Bare Workflow
                    </span>
                  </summary>
                  <p
                    class="css-167hun1-baseTextStyle-P-TextComponent-contentStyle"
                  >
                    Edit the 'Display Name' field in Xcode
                  </p>
                </details>
              </div>
            </div>
          </td>
        </tr>
        <tr
          class="css-1ne1f2k-tableRowStyle-Row"
        >
          <td
            class="css-1rwbqei-tableCellStyle-fitContentStyle-Cell"
          >
            <div
              data-testid="<propertyAnchor level={0}><inlineCode>androidNavigationBar</inlineCode></propertyAnchor>"
              style="margin-left: 0px; display: block; list-style-type: circle; overflow-x: visible;"
            >
              <div
                class=" css-pb2q8c-paragraph-STYLES_PARAGRAPH_DIV"
                data-text="true"
              >
                <div
                  class="css-1rh3o5q-STYLES_PERMALINK"
                >
                  <span
                    class="css-zonpcr-STYLES_PERMALINK_TARGET"
                    id="androidnavigationbar"
                  />
                  <a
                    class="css-15lh5hg-STYLES_PERMALINK_LINK"
                    href="#androidnavigationbar"
                  >
                    <span
                      class="css-1icvi79-STYLED_PERMALINK_CONTENT"
                    >
                      <code
                        class="inline css-18wudxk-STYLES_INLINE_CODE-InlineCode"
                      >
                        androidNavigationBar
                      </code>
                    </span>
                    <span
                      class="css-10vdcw8-STYLES_PERMALINK_ICON"
                    >
                      <svg
                        aria-label="permalink"
                        class="anchor-icon"
                        fill="none"
                        height="24"
                        viewBox="0 0 24 24"
                        width="24"
                        xmlns="http://www.w3.org/2000/svg"
                      >
                        <path
                          d="M10 13a5 5 0 007.54.54l3-3a5 5 0 00-7.07-7.07l-1.72 1.71"
                          stroke="#9B9B9B"
                          stroke-linecap="round"
                          stroke-linejoin="round"
                          stroke-width="2"
                        />
                        <path
                          d="M14 11a5 5 0 00-7.54-.54l-3 3a5 5 0 007.07 7.07l1.71-1.71"
                          stroke="#9B9B9B"
                          stroke-linecap="round"
                          stroke-linejoin="round"
                          stroke-width="2"
                        />
                      </svg>
                    </span>
                  </a>
                </div>
              </div>
            </div>
          </td>
          <td
            class="css-1sp938g-tableCellStyle-Cell"
          >
            <div
              class=" css-pb2q8c-paragraph-STYLES_PARAGRAPH_DIV"
              data-text="true"
            >
              <strong
                class="css-m2r9l3-paragraph-STYLES_BOLD_PARAGRAPH"
              >
                (object)
              </strong>
               - Configuration for the bottom navigation bar on Android.
              <div
                class="css-n8bp3f-configDetailsStyle"
              >
                <details
                  class="css-1gm7vyo-detailsStyle"
                >
                  <summary
                    class="css-wamx7z-summaryStyle"
                  >
                    <div
                      class="css-17fddbt-markerWrapperStyle"
                    >
                      <svg
                        class="css-uzday9-markerStyle"
                        fill="none"
                        height="16"
                        role="img"
                        size="16"
                        viewBox="0 0 20 20"
                        width="16"
                      >
                        <title>
                          Triangle-down-icon
                        </title>
                        <path
                          d="M16.993 6.667H3.227l6.883 6.883 6.883-6.883z"
                          fill="var(--expo-theme-icon-default)"
                        />
                      </svg>
                    </div>
                    <span
                      class="css-7o0bj4-baseTextStyle-HEADLINE-TextComponent"
                    >
                      ExpoKit
                    </span>
                  </summary>
                  <p
                    class="css-167hun1-baseTextStyle-P-TextComponent-contentStyle"
                  >
                    Set this property using AppConstants.java.
                  </p>
                </details>
              </div>
              <div
                class="css-n8bp3f-configDetailsStyle"
              >
                <details
                  class="css-1gm7vyo-detailsStyle"
                >
                  <summary
                    class="css-wamx7z-summaryStyle"
                  >
                    <div
                      class="css-17fddbt-markerWrapperStyle"
                    >
                      <svg
                        class="css-uzday9-markerStyle"
                        fill="none"
                        height="16"
                        role="img"
                        size="16"
                        viewBox="0 0 20 20"
                        width="16"
                      >
                        <title>
                          Triangle-down-icon
                        </title>
                        <path
                          d="M16.993 6.667H3.227l6.883 6.883 6.883-6.883z"
                          fill="var(--expo-theme-icon-default)"
                        />
                      </svg>
                    </div>
                    <span
                      class="css-7o0bj4-baseTextStyle-HEADLINE-TextComponent"
                    >
                      Bare Workflow
                    </span>
                  </summary>
                  <p
                    class="css-167hun1-baseTextStyle-P-TextComponent-contentStyle"
                  >
                    Set this property using just Xcode
                  </p>
                </details>
              </div>
            </div>
          </td>
        </tr>
        <tr
          class="css-1ne1f2k-tableRowStyle-Row"
        >
          <td
            class="css-1rwbqei-tableCellStyle-fitContentStyle-Cell"
          >
            <div
              data-testid="<subpropertyAnchor level={1}><inlineCode>visible</inlineCode></subpropertyAnchor>"
              style="margin-left: 32px; display: list-item; list-style-type: default; overflow-x: visible;"
            >
              <div
                class=" css-pb2q8c-paragraph-STYLES_PARAGRAPH_DIV"
                data-text="true"
              >
                <div
                  class="css-1rh3o5q-STYLES_PERMALINK"
                >
                  <span
                    class="css-zonpcr-STYLES_PERMALINK_TARGET"
                    id="visible"
                  />
                  <a
                    class="css-15lh5hg-STYLES_PERMALINK_LINK"
                    href="#visible"
                  >
                    <span
                      class="css-1icvi79-STYLED_PERMALINK_CONTENT"
                    >
                      <code
                        class="inline css-18wudxk-STYLES_INLINE_CODE-InlineCode"
                      >
                        visible
                      </code>
                    </span>
                    <span
                      class="css-10vdcw8-STYLES_PERMALINK_ICON"
                    >
                      <svg
                        aria-label="permalink"
                        class="anchor-icon"
                        fill="none"
                        height="24"
                        viewBox="0 0 24 24"
                        width="24"
                        xmlns="http://www.w3.org/2000/svg"
                      >
                        <path
                          d="M10 13a5 5 0 007.54.54l3-3a5 5 0 00-7.07-7.07l-1.72 1.71"
                          stroke="#9B9B9B"
                          stroke-linecap="round"
                          stroke-linejoin="round"
                          stroke-width="2"
                        />
                        <path
                          d="M14 11a5 5 0 00-7.54-.54l-3 3a5 5 0 007.07 7.07l1.71-1.71"
                          stroke="#9B9B9B"
                          stroke-linecap="round"
                          stroke-linejoin="round"
                          stroke-width="2"
                        />
                      </svg>
                    </span>
                  </a>
                </div>
              </div>
            </div>
          </td>
          <td
            class="css-1sp938g-tableCellStyle-Cell"
          >
            <div
              class=" css-pb2q8c-paragraph-STYLES_PARAGRAPH_DIV"
              data-text="true"
            >
              <strong
                class="css-m2r9l3-paragraph-STYLES_BOLD_PARAGRAPH"
              >
                (enum)
              </strong>
               - Determines how and when the navigation bar is shown.
              <div
                class="css-n8bp3f-configDetailsStyle"
              >
                <details
                  class="css-1gm7vyo-detailsStyle"
                >
                  <summary
                    class="css-wamx7z-summaryStyle"
                  >
                    <div
                      class="css-17fddbt-markerWrapperStyle"
                    >
                      <svg
                        class="css-uzday9-markerStyle"
                        fill="none"
                        height="16"
                        role="img"
                        size="16"
                        viewBox="0 0 20 20"
                        width="16"
                      >
                        <title>
                          Triangle-down-icon
                        </title>
                        <path
                          d="M16.993 6.667H3.227l6.883 6.883 6.883-6.883z"
                          fill="var(--expo-theme-icon-default)"
                        />
                      </svg>
                    </div>
                    <span
                      class="css-7o0bj4-baseTextStyle-HEADLINE-TextComponent"
                    >
                      ExpoKit
                    </span>
                  </summary>
                  <p
                    class="css-167hun1-baseTextStyle-P-TextComponent-contentStyle"
                  >
                    Set this property using Xcode.
                  </p>
                </details>
              </div>
            </div>
          </td>
        </tr>
        <tr
          class="css-1ne1f2k-tableRowStyle-Row"
        >
          <td
            class="css-1rwbqei-tableCellStyle-fitContentStyle-Cell"
          >
            <div
              data-testid="<subpropertyAnchor level={2}><inlineCode>always</inlineCode></subpropertyAnchor>"
              style="margin-left: 64px; display: list-item; list-style-type: circle; overflow-x: visible;"
            >
              <div
                class=" css-pb2q8c-paragraph-STYLES_PARAGRAPH_DIV"
                data-text="true"
              >
                <div
                  class="css-1rh3o5q-STYLES_PERMALINK"
                >
                  <span
                    class="css-zonpcr-STYLES_PERMALINK_TARGET"
                    id="always"
                  />
                  <a
                    class="css-15lh5hg-STYLES_PERMALINK_LINK"
                    href="#always"
                  >
                    <span
                      class="css-1icvi79-STYLED_PERMALINK_CONTENT"
                    >
                      <code
                        class="inline css-18wudxk-STYLES_INLINE_CODE-InlineCode"
                      >
                        always
                      </code>
                    </span>
                    <span
                      class="css-10vdcw8-STYLES_PERMALINK_ICON"
                    >
                      <svg
                        aria-label="permalink"
                        class="anchor-icon"
                        fill="none"
                        height="24"
                        viewBox="0 0 24 24"
                        width="24"
                        xmlns="http://www.w3.org/2000/svg"
                      >
                        <path
                          d="M10 13a5 5 0 007.54.54l3-3a5 5 0 00-7.07-7.07l-1.72 1.71"
                          stroke="#9B9B9B"
                          stroke-linecap="round"
                          stroke-linejoin="round"
                          stroke-width="2"
                        />
                        <path
                          d="M14 11a5 5 0 00-7.54-.54l-3 3a5 5 0 007.07 7.07l1.71-1.71"
                          stroke="#9B9B9B"
                          stroke-linecap="round"
                          stroke-linejoin="round"
                          stroke-width="2"
                        />
                      </svg>
                    </span>
                  </a>
                </div>
              </div>
            </div>
          </td>
          <td
            class="css-1sp938g-tableCellStyle-Cell"
          >
            <div
              class=" css-pb2q8c-paragraph-STYLES_PARAGRAPH_DIV"
              data-text="true"
            >
              <strong
                class="css-m2r9l3-paragraph-STYLES_BOLD_PARAGRAPH"
              >
                (boolean)
              </strong>
               - Test sub-sub-property
            </div>
          </td>
        </tr>
        <tr
          class="css-1ne1f2k-tableRowStyle-Row"
        >
          <td
            class="css-1rwbqei-tableCellStyle-fitContentStyle-Cell"
          >
            <div
              data-testid="<subpropertyAnchor level={1}><inlineCode>backgroundColor</inlineCode></subpropertyAnchor>"
              style="margin-left: 32px; display: list-item; list-style-type: default; overflow-x: visible;"
            >
              <div
                class=" css-pb2q8c-paragraph-STYLES_PARAGRAPH_DIV"
                data-text="true"
              >
                <div
                  class="css-1rh3o5q-STYLES_PERMALINK"
                >
                  <span
                    class="css-zonpcr-STYLES_PERMALINK_TARGET"
                    id="backgroundcolor"
                  />
                  <a
                    class="css-15lh5hg-STYLES_PERMALINK_LINK"
                    href="#backgroundcolor"
                  >
                    <span
                      class="css-1icvi79-STYLED_PERMALINK_CONTENT"
                    >
                      <code
                        class="inline css-18wudxk-STYLES_INLINE_CODE-InlineCode"
                      >
                        backgroundColor
                      </code>
                    </span>
                    <span
                      class="css-10vdcw8-STYLES_PERMALINK_ICON"
                    >
                      <svg
                        aria-label="permalink"
                        class="anchor-icon"
                        fill="none"
                        height="24"
                        viewBox="0 0 24 24"
                        width="24"
                        xmlns="http://www.w3.org/2000/svg"
                      >
                        <path
                          d="M10 13a5 5 0 007.54.54l3-3a5 5 0 00-7.07-7.07l-1.72 1.71"
                          stroke="#9B9B9B"
                          stroke-linecap="round"
                          stroke-linejoin="round"
                          stroke-width="2"
                        />
                        <path
                          d="M14 11a5 5 0 00-7.54-.54l-3 3a5 5 0 007.07 7.07l1.71-1.71"
                          stroke="#9B9B9B"
                          stroke-linecap="round"
                          stroke-linejoin="round"
                          stroke-width="2"
                        />
                      </svg>
                    </span>
                  </a>
                </div>
              </div>
            </div>
          </td>
          <td
            class="css-1sp938g-tableCellStyle-Cell"
          >
            <div
              class=" css-pb2q8c-paragraph-STYLES_PARAGRAPH_DIV"
              data-text="true"
            >
              <strong
                class="css-m2r9l3-paragraph-STYLES_BOLD_PARAGRAPH"
              >
                (string)
              </strong>
               - Specifies the background color of the navigation bar. 
            </div>
            <div
              class=" css-pb2q8c-paragraph-STYLES_PARAGRAPH_DIV"
              data-text="true"
            >
              6 character long hex color string, eg: 
              <code
                class="inline css-18wudxk-STYLES_INLINE_CODE-InlineCode"
              >
                '#000000'
              </code>
            </div>
          </td>
        </tr>
        <tr
          class="css-1ne1f2k-tableRowStyle-Row"
        >
          <td
            class="css-1rwbqei-tableCellStyle-fitContentStyle-Cell"
          >
            <div
              data-testid="<propertyAnchor level={0}><inlineCode>intentFilters</inlineCode></propertyAnchor>"
              style="margin-left: 0px; display: block; list-style-type: circle; overflow-x: visible;"
            >
              <div
                class=" css-pb2q8c-paragraph-STYLES_PARAGRAPH_DIV"
                data-text="true"
              >
                <div
                  class="css-1rh3o5q-STYLES_PERMALINK"
                >
                  <span
                    class="css-zonpcr-STYLES_PERMALINK_TARGET"
                    id="intentfilters"
                  />
                  <a
                    class="css-15lh5hg-STYLES_PERMALINK_LINK"
                    href="#intentfilters"
                  >
                    <span
                      class="css-1icvi79-STYLED_PERMALINK_CONTENT"
                    >
                      <code
                        class="inline css-18wudxk-STYLES_INLINE_CODE-InlineCode"
                      >
                        intentFilters
                      </code>
                    </span>
                    <span
                      class="css-10vdcw8-STYLES_PERMALINK_ICON"
                    >
                      <svg
                        aria-label="permalink"
                        class="anchor-icon"
                        fill="none"
                        height="24"
                        viewBox="0 0 24 24"
                        width="24"
                        xmlns="http://www.w3.org/2000/svg"
                      >
                        <path
                          d="M10 13a5 5 0 007.54.54l3-3a5 5 0 00-7.07-7.07l-1.72 1.71"
                          stroke="#9B9B9B"
                          stroke-linecap="round"
                          stroke-linejoin="round"
                          stroke-width="2"
                        />
                        <path
                          d="M14 11a5 5 0 00-7.54-.54l-3 3a5 5 0 007.07 7.07l1.71-1.71"
                          stroke="#9B9B9B"
                          stroke-linecap="round"
                          stroke-linejoin="round"
                          stroke-width="2"
                        />
                      </svg>
                    </span>
                  </a>
                </div>
              </div>
            </div>
          </td>
          <td
            class="css-1sp938g-tableCellStyle-Cell"
          >
            <div
              class=" css-pb2q8c-paragraph-STYLES_PARAGRAPH_DIV"
              data-text="true"
            >
              <strong
                class="css-m2r9l3-paragraph-STYLES_BOLD_PARAGRAPH"
              >
                (array)
              </strong>
               - Configuration for setting an array of custom intent filters in Android manifest.
              <div
                class="css-n8bp3f-configDetailsStyle"
              >
                <details
                  class="css-1gm7vyo-detailsStyle"
                >
                  <summary
                    class="css-wamx7z-summaryStyle"
                  >
                    <div
                      class="css-17fddbt-markerWrapperStyle"
                    >
                      <svg
                        class="css-uzday9-markerStyle"
                        fill="none"
                        height="16"
                        role="img"
                        size="16"
                        viewBox="0 0 20 20"
                        width="16"
                      >
                        <title>
                          Triangle-down-icon
                        </title>
                        <path
                          d="M16.993 6.667H3.227l6.883 6.883 6.883-6.883z"
                          fill="var(--expo-theme-icon-default)"
                        />
                      </svg>
                    </div>
                    <span
                      class="css-7o0bj4-baseTextStyle-HEADLINE-TextComponent"
                    >
                      Bare Workflow
                    </span>
                  </summary>
                  <p
                    class="css-167hun1-baseTextStyle-P-TextComponent-contentStyle"
                  >
                    This is set in AndroidManifest.xml directly.
                  </p>
                </details>
              </div>
            </div>
            <blockquote
              class="css-13jwbau-paragraph-STYLES_BLOCKQUOTE"
              data-text="true"
            >
              <div>
                <div
                  style="margin-top: 2px;"
                >
                  <svg
                    aria-label="check"
                    fill="none"
                    height="16"
                    viewBox="0 0 24 24"
                    width="16"
                    xmlns="http://www.w3.org/2000/svg"
                  >
                    <path
                      d="M12 0C5.373 0 0 5.373 0 12s5.373 12 12 12c6.628 0 12-5.373 12-12S18.628 0 12 0zm-.015 5.419c.269-.292.596-.44.973-.44.306 0 .575.11.776.317.203.207.306.472.306.786 0 .394-.137.745-.409 1.042-.279.306-.605.462-.968.462-.3 0-.566-.113-.768-.326-.201-.208-.304-.48-.304-.809 0-.401.133-.749.394-1.032zm1.999 11.305c-.995.936-1.705 1.52-2.17 1.784-.496.284-.905.423-1.25.423-.342 0-.621-.114-.83-.338-.202-.218-.305-.51-.305-.87 0-.92.521-3.058 1.595-6.534a1.47 1.47 0 00.042-.166c-.04.017-.087.041-.14.075-.088.055-.356.265-1.14 1.03a.334.334 0 01-.438.025l-.463-.358a.334.334 0 01-.043-.49c.722-.794 1.395-1.371 2.002-1.714.636-.358 1.173-.533 1.643-.533.303 0 .548.076.729.225.196.164.3.391.3.658 0 .175-.084.63-.697 2.686-.875 2.937-1.084 4.003-1.099 4.372.166-.098.558-.376 1.395-1.162a.334.334 0 01.462.003l.411.4a.334.334 0 01-.004.484z"
                      fill="var(--expo-theme-icon-default)"
                    />
                  </svg>
                </div>
              </div>
              <div>
                <div
                  class=" css-pb2q8c-paragraph-STYLES_PARAGRAPH_DIV"
                  data-text="true"
                >
                   
                  [{
"autoVerify": true,
"data": {"host": "*.example.com"
}
}]
                </div>
              </div>
            </blockquote>
          </td>
        </tr>
        <tr
          class="css-1ne1f2k-tableRowStyle-Row"
        >
          <td
            class="css-1rwbqei-tableCellStyle-fitContentStyle-Cell"
          >
            <div
              data-testid="<subpropertyAnchor level={1}><inlineCode>autoVerify</inlineCode></subpropertyAnchor>"
              style="margin-left: 32px; display: list-item; list-style-type: default; overflow-x: visible;"
            >
              <div
                class=" css-pb2q8c-paragraph-STYLES_PARAGRAPH_DIV"
                data-text="true"
              >
                <div
                  class="css-1rh3o5q-STYLES_PERMALINK"
                >
                  <span
                    class="css-zonpcr-STYLES_PERMALINK_TARGET"
                    id="autoverify"
                  />
                  <a
                    class="css-15lh5hg-STYLES_PERMALINK_LINK"
                    href="#autoverify"
                  >
                    <span
                      class="css-1icvi79-STYLED_PERMALINK_CONTENT"
                    >
                      <code
                        class="inline css-18wudxk-STYLES_INLINE_CODE-InlineCode"
                      >
                        autoVerify
                      </code>
                    </span>
                    <span
                      class="css-10vdcw8-STYLES_PERMALINK_ICON"
                    >
                      <svg
                        aria-label="permalink"
                        class="anchor-icon"
                        fill="none"
                        height="24"
                        viewBox="0 0 24 24"
                        width="24"
                        xmlns="http://www.w3.org/2000/svg"
                      >
                        <path
                          d="M10 13a5 5 0 007.54.54l3-3a5 5 0 00-7.07-7.07l-1.72 1.71"
                          stroke="#9B9B9B"
                          stroke-linecap="round"
                          stroke-linejoin="round"
                          stroke-width="2"
                        />
                        <path
                          d="M14 11a5 5 0 00-7.54-.54l-3 3a5 5 0 007.07 7.07l1.71-1.71"
                          stroke="#9B9B9B"
                          stroke-linecap="round"
                          stroke-linejoin="round"
                          stroke-width="2"
                        />
                      </svg>
                    </span>
                  </a>
                </div>
              </div>
            </div>
          </td>
          <td
            class="css-1sp938g-tableCellStyle-Cell"
          >
            <div
              class=" css-pb2q8c-paragraph-STYLES_PARAGRAPH_DIV"
              data-text="true"
            >
              <strong
                class="css-m2r9l3-paragraph-STYLES_BOLD_PARAGRAPH"
              >
                (boolean)
              </strong>
               - You may also use an intent filter to set your app as the default handler for links
            </div>
          </td>
        </tr>
        <tr
          class="css-1ne1f2k-tableRowStyle-Row"
        >
          <td
            class="css-1rwbqei-tableCellStyle-fitContentStyle-Cell"
          >
            <div
              data-testid="<subpropertyAnchor level={1}><inlineCode>data</inlineCode></subpropertyAnchor>"
              style="margin-left: 32px; display: list-item; list-style-type: default; overflow-x: visible;"
            >
              <div
                class=" css-pb2q8c-paragraph-STYLES_PARAGRAPH_DIV"
                data-text="true"
              >
                <div
                  class="css-1rh3o5q-STYLES_PERMALINK"
                >
                  <span
                    class="css-zonpcr-STYLES_PERMALINK_TARGET"
                    id="data"
                  />
                  <a
                    class="css-15lh5hg-STYLES_PERMALINK_LINK"
                    href="#data"
                  >
                    <span
                      class="css-1icvi79-STYLED_PERMALINK_CONTENT"
                    >
                      <code
                        class="inline css-18wudxk-STYLES_INLINE_CODE-InlineCode"
                      >
                        data
                      </code>
                    </span>
                    <span
                      class="css-10vdcw8-STYLES_PERMALINK_ICON"
                    >
                      <svg
                        aria-label="permalink"
                        class="anchor-icon"
                        fill="none"
                        height="24"
                        viewBox="0 0 24 24"
                        width="24"
                        xmlns="http://www.w3.org/2000/svg"
                      >
                        <path
                          d="M10 13a5 5 0 007.54.54l3-3a5 5 0 00-7.07-7.07l-1.72 1.71"
                          stroke="#9B9B9B"
                          stroke-linecap="round"
                          stroke-linejoin="round"
                          stroke-width="2"
                        />
                        <path
                          d="M14 11a5 5 0 00-7.54-.54l-3 3a5 5 0 007.07 7.07l1.71-1.71"
                          stroke="#9B9B9B"
                          stroke-linecap="round"
                          stroke-linejoin="round"
                          stroke-width="2"
                        />
                      </svg>
                    </span>
                  </a>
                </div>
              </div>
            </div>
          </td>
          <td
            class="css-1sp938g-tableCellStyle-Cell"
          >
            <div
              class=" css-pb2q8c-paragraph-STYLES_PARAGRAPH_DIV"
              data-text="true"
            >
              <strong
                class="css-m2r9l3-paragraph-STYLES_BOLD_PARAGRAPH"
              >
                (array || object)
              </strong>
            </div>
          </td>
        </tr>
        <tr
          class="css-1ne1f2k-tableRowStyle-Row"
        >
          <td
            class="css-1rwbqei-tableCellStyle-fitContentStyle-Cell"
          >
            <div
              data-testid="<subpropertyAnchor level={2}><inlineCode>host</inlineCode></subpropertyAnchor>"
              style="margin-left: 64px; display: list-item; list-style-type: circle; overflow-x: visible;"
            >
              <div
                class=" css-pb2q8c-paragraph-STYLES_PARAGRAPH_DIV"
                data-text="true"
              >
                <div
                  class="css-1rh3o5q-STYLES_PERMALINK"
                >
                  <span
                    class="css-zonpcr-STYLES_PERMALINK_TARGET"
                    id="host"
                  />
                  <a
                    class="css-15lh5hg-STYLES_PERMALINK_LINK"
                    href="#host"
                  >
                    <span
                      class="css-1icvi79-STYLED_PERMALINK_CONTENT"
                    >
                      <code
                        class="inline css-18wudxk-STYLES_INLINE_CODE-InlineCode"
                      >
                        host
                      </code>
                    </span>
                    <span
                      class="css-10vdcw8-STYLES_PERMALINK_ICON"
                    >
                      <svg
                        aria-label="permalink"
                        class="anchor-icon"
                        fill="none"
                        height="24"
                        viewBox="0 0 24 24"
                        width="24"
                        xmlns="http://www.w3.org/2000/svg"
                      >
                        <path
                          d="M10 13a5 5 0 007.54.54l3-3a5 5 0 00-7.07-7.07l-1.72 1.71"
                          stroke="#9B9B9B"
                          stroke-linecap="round"
                          stroke-linejoin="round"
                          stroke-width="2"
                        />
                        <path
                          d="M14 11a5 5 0 00-7.54-.54l-3 3a5 5 0 007.07 7.07l1.71-1.71"
                          stroke="#9B9B9B"
                          stroke-linecap="round"
                          stroke-linejoin="round"
                          stroke-width="2"
                        />
                      </svg>
                    </span>
                  </a>
                </div>
              </div>
            </div>
          </td>
          <td
            class="css-1sp938g-tableCellStyle-Cell"
          >
            <div
              class=" css-pb2q8c-paragraph-STYLES_PARAGRAPH_DIV"
              data-text="true"
            >
              <strong
                class="css-m2r9l3-paragraph-STYLES_BOLD_PARAGRAPH"
              >
                (string)
              </strong>
            </div>
          </td>
        </tr>
      </tbody>
    </table>
  </div>
</div>
`;
