// Jest Snapshot v1, https://goo.gl/fbAQLP

exports[`AppConfigSchemaPropertiesTable correctly matches snapshot 1`] = `
.emotion-0 {
  border: 1px solid var(--expo-theme-border-default);
  border-radius: 6px;
  overflow-y: hidden;
  overflow-x: auto;
  margin-bottom: 16px;
  box-shadow: var(--expo-theme-shadows-micro);
}

.emotion-0::-webkit-scrollbar {
  height: 6px;
}

.emotion-0::-webkit-scrollbar-track {
  background: var(--expo-theme-background-default);
  border-bottom-left-radius: 6px;
  border-bottom-right-radius: 6px;
}

.emotion-0::-webkit-scrollbar-thumb {
  background: var(--expo-theme-background-tertiary);
  border-radius: 6px;
}

.emotion-0::-webkit-scrollbar-thumb:hover {
  background: var(--expo-theme-background-quaternary);
}

.emotion-1 {
  font-size: 0.875rem;
  line-height: 1.5714286;
  letter-spacing: -0.006rem;
  width: 100%;
  border: 0;
  border-radius: 0;
  margin-bottom: 0;
  border-collapse: collapse;
  color: var(--expo-theme-text-default);
  table-layout: auto;
}

.emotion-1 blockquote,
.emotion-1 li {
  font-size: 0.875rem;
  line-height: 1.5714286;
  letter-spacing: -0.006rem;
}

.emotion-2 {
  background-color: var(--expo-theme-background-secondary);
  border-bottom: 1px solid var(--expo-theme-border-default);
}

.emotion-3:nth-of-type(2n) {
  background-color: var(--expo-theme-background-secondary);
}

.emotion-3:nth-of-type(2n) blockquote,
.emotion-3:nth-of-type(2n) summary {
  background-color: var(--expo-theme-background-tertiary);
}

.emotion-4 {
  padding: 16px;
  font-family: Inter-Medium;
  vertical-align: middle;
  border-right: 1px solid var(--expo-theme-border-default);
  text-align: left;
}

.emotion-4:last-child {
  border-right: 0;
}

.emotion-7 {
  padding: 16px;
  vertical-align: middle;
  border-right: 1px solid var(--expo-theme-border-default);
  text-align: left;
  width: -webkit-fit-content;
  width: -moz-fit-content;
  width: fit-content;
}

.emotion-7:last-child {
  border-right: 0;
}

.emotion-8 {
  font-family: Inter-Regular,system-ui,-apple-system,BlinkMacSystemFont,'Segoe UI',Roboto,'Helvetica Neue',Arial,'Noto Sans',sans-serif,'Apple Color Emoji','Segoe UI Emoji','Segoe UI Symbol','Noto Color Emoji';
  font-weight: 400;
  font-size: 1rem;
  line-height: 1.625;
  letter-spacing: -0.011rem;
  color: var(--expo-theme-text-default);
  margin-bottom: 16px;
}

.emotion-9 {
  padding: 16px;
  vertical-align: middle;
  border-right: 1px solid var(--expo-theme-border-default);
  text-align: left;
}

.emotion-9:last-child {
  border-right: 0;
}

.emotion-11 {
  font-family: Inter-Regular,system-ui,-apple-system,BlinkMacSystemFont,'Segoe UI',Roboto,'Helvetica Neue',Arial,'Noto Sans',sans-serif,'Apple Color Emoji','Segoe UI Emoji','Segoe UI Symbol','Noto Color Emoji';
  font-weight: 400;
  font-size: 1rem;
  line-height: 1.625;
  letter-spacing: -0.011rem;
  color: var(--expo-theme-text-default);
  margin-bottom: 16px;
  font-size: inherit;
  font-family: Inter-SemiBold;
}

.emotion-37 {
  font-family: Menlo-Regular,Monaco,Consolas,'Liberation Mono','Courier New',monospace,'Apple Color Emoji','Segoe UI Emoji','Segoe UI Symbol','Noto Color Emoji';
  font-weight: 400;
  font-size: 0.8125rem;
  line-height: 1.6153846;
  letter-spacing: -0.003rem;
  color: var(--expo-theme-text-default);
  white-space: pre-wrap;
  display: inline;
  padding: 2px 4px;
  max-width: 100%;
  word-wrap: break-word;
  background-color: var(--expo-theme-background-secondary);
  border: 1px solid var(--expo-theme-border-default);
  border-radius: 4px;
  vertical-align: middle;
  overflow-x: auto;
}

a .emotion-37 {
  border-color: var(--expo-theme-border-default);
}

h2 .emotion-37,
h3 .emotion-37,
h4 .emotion-37 {
  position: relative;
  top: -2px;
}

.emotion-44 {
  font-family: Inter-Regular,system-ui,-apple-system,BlinkMacSystemFont,'Segoe UI',Roboto,'Helvetica Neue',Arial,'Noto Sans',sans-serif,'Apple Color Emoji','Segoe UI Emoji','Segoe UI Symbol','Noto Color Emoji';
  font-weight: 400;
  font-size: 1rem;
  line-height: 1.625;
  letter-spacing: -0.011rem;
  color: var(--expo-theme-text-default);
  display: grid;
  grid-template-columns: auto 1fr;
  grid-gap: 12px;
  padding: 12px;
  margin-bottom: 16px;
  border-left: 4px solid var(--expo-theme-border-default);
  background: var(--expo-theme-background-secondary);
  border-radius: 4;
}

.emotion-44 div {
  margin: 0;
}

.emotion-44 code {
  background-color: var(--expo-theme-background-tertiary);
}

table .emotion-44 {
  margin: 8px 0;
}

table .emotion-44:first-of-type {
  margin-top: 0;
}

table .emotion-44:last-child {
  margin-bottom: 0;
}

<div>
  <div
    class="emotion-0"
  >
    <table
      class="emotion-1"
    >
      <thead
        class="emotion-2"
      >
        <tr
          class="emotion-3"
        >
          <th
            class="emotion-4"
          >
            Property
          </th>
          <th
            class="emotion-4"
          >
            Description
          </th>
        </tr>
      </thead>
      <tbody>
        <tr
          class="emotion-3"
        >
          <td
            class="emotion-7"
          >
            <div
              data-testid="<propertyAnchor level={0}><inlineCode>name</inlineCode></propertyAnchor>"
              style="margin-left: 0px; display: block; list-style-type: circle; overflow-x: visible;"
            >
              <p
                class="emotion-8"
                data-text="true"
              >
                &lt;propertyAnchor level={0}&gt;
                &lt;inlineCode&gt;
                name
                &lt;/inlineCode&gt;
                &lt;/propertyAnchor&gt;
              </p>
            </div>
          </td>
          <td
            class="emotion-9"
          >
            <p
              class="emotion-8"
              data-text="true"
            >
              <strong
                class="emotion-11"
              >
                (string)
              </strong>
               - Name of your app.
              &lt;bareworkflowDetails&gt;
              Edit the 'Display Name' field in Xcode
              &lt;/bareworkflowDetails&gt;
            </p>
          </td>
        </tr>
        <tr
          class="emotion-3"
        >
          <td
            class="emotion-7"
          >
            <div
              data-testid="<propertyAnchor level={0}><inlineCode>androidNavigationBar</inlineCode></propertyAnchor>"
              style="margin-left: 0px; display: block; list-style-type: circle; overflow-x: visible;"
            >
              <p
                class="emotion-8"
                data-text="true"
              >
                &lt;propertyAnchor level={0}&gt;
                &lt;inlineCode&gt;
                androidNavigationBar
                &lt;/inlineCode&gt;
                &lt;/propertyAnchor&gt;
              </p>
            </div>
          </td>
          <td
            class="emotion-9"
          >
            <p
              class="emotion-8"
              data-text="true"
            >
              <strong
                class="emotion-11"
              >
                (object)
              </strong>
               - Configuration for the bottom navigation bar on Android.
              &lt;expokitDetails&gt;
              Set this property using AppConstants.java.
              &lt;/expokitDetails&gt;
              &lt;bareworkflowDetails&gt;
              Set this property using just Xcode
              &lt;/bareworkflowDetails&gt;
            </p>
          </td>
        </tr>
        <tr
          class="emotion-3"
        >
          <td
            class="emotion-7"
          >
            <div
              data-testid="<subpropertyAnchor level={1}><inlineCode>visible</inlineCode></subpropertyAnchor>"
              style="margin-left: 32px; display: list-item; list-style-type: default; overflow-x: visible;"
            >
              <p
                class="emotion-8"
                data-text="true"
              >
                &lt;subpropertyAnchor level={1}&gt;
                &lt;inlineCode&gt;
                visible
                &lt;/inlineCode&gt;
                &lt;/subpropertyAnchor&gt;
              </p>
            </div>
          </td>
          <td
            class="emotion-9"
          >
            <p
              class="emotion-8"
              data-text="true"
            >
              <strong
                class="emotion-11"
              >
                (enum)
              </strong>
               - Determines how and when the navigation bar is shown.
              &lt;expokitDetails&gt;
              Set this property using Xcode.
              &lt;/expokitDetails&gt;
            </p>
          </td>
        </tr>
        <tr
          class="emotion-3"
        >
          <td
            class="emotion-7"
          >
            <div
              data-testid="<subpropertyAnchor level={2}><inlineCode>always</inlineCode></subpropertyAnchor>"
              style="margin-left: 64px; display: list-item; list-style-type: circle; overflow-x: visible;"
            >
              <p
                class="emotion-8"
                data-text="true"
              >
                &lt;subpropertyAnchor level={2}&gt;
                &lt;inlineCode&gt;
                always
                &lt;/inlineCode&gt;
                &lt;/subpropertyAnchor&gt;
              </p>
            </div>
          </td>
          <td
            class="emotion-9"
          >
            <p
              class="emotion-8"
              data-text="true"
            >
              <strong
                class="emotion-11"
              >
                (boolean)
              </strong>
               - Test sub-sub-property
            </p>
          </td>
        </tr>
        <tr
          class="emotion-3"
        >
          <td
            class="emotion-7"
          >
            <div
              data-testid="<subpropertyAnchor level={1}><inlineCode>backgroundColor</inlineCode></subpropertyAnchor>"
              style="margin-left: 32px; display: list-item; list-style-type: default; overflow-x: visible;"
            >
              <p
                class="emotion-8"
                data-text="true"
              >
                &lt;subpropertyAnchor level={1}&gt;
                &lt;inlineCode&gt;
                backgroundColor
                &lt;/inlineCode&gt;
                &lt;/subpropertyAnchor&gt;
              </p>
            </div>
          </td>
          <td
            class="emotion-9"
          >
            <p
              class="emotion-8"
              data-text="true"
            >
              <strong
                class="emotion-11"
              >
                (string)
              </strong>
               - Specifies the background color of the navigation bar.
            </p>
            

            <p
              class="emotion-8"
              data-text="true"
            >
              6 character long hex color string, eg: 
              <code
                class="inline emotion-37"
              >
                '#000000'
              </code>
            </p>
          </td>
        </tr>
        <tr
          class="emotion-3"
        >
          <td
            class="emotion-7"
          >
            <div
              data-testid="<propertyAnchor level={0}><inlineCode>intentFilters</inlineCode></propertyAnchor>"
              style="margin-left: 0px; display: block; list-style-type: circle; overflow-x: visible;"
            >
              <p
                class="emotion-8"
                data-text="true"
              >
                &lt;propertyAnchor level={0}&gt;
                &lt;inlineCode&gt;
                intentFilters
                &lt;/inlineCode&gt;
                &lt;/propertyAnchor&gt;
              </p>
            </div>
          </td>
          <td
            class="emotion-9"
          >
            <p
              class="emotion-8"
              data-text="true"
            >
              <strong
                class="emotion-11"
              >
                (array)
              </strong>
               - Configuration for setting an array of custom intent filters in Android manifest.
              &lt;bareworkflowDetails&gt;
              This is set in AndroidManifest.xml directly.
              &lt;/bareworkflowDetails&gt;
            </p>
            

            <blockquote
              class="emotion-44"
              data-text="true"
            >
              <div
                style="margin-top: 2px;"
              >
                <svg
                  fill="none"
                  height="16"
                  role="img"
                  size="16"
                  viewBox="0 0 20 20"
                  width="16"
                >
                  <title>
                    Info-icon
                  </title>
                  <path
                    d="M10 1a9 9 0 100 18 9 9 0 000-18zm-.01 4.064a.962.962 0 01.73-.33c.229 0 .43.082.582.238.152.155.23.354.23.59 0 .295-.104.558-.308.78-.209.23-.453.347-.726.347a.777.777 0 01-.576-.244.844.844 0 01-.227-.607c0-.3.099-.561.295-.774zm1.499 8.48c-.746.7-1.279 1.138-1.628 1.337-.372.213-.679.317-.937.317a.814.814 0 01-.622-.254c-.152-.162-.23-.382-.23-.652 0-.69.392-2.293 1.197-4.9.013-.044.024-.086.031-.125a.814.814 0 00-.105.056c-.066.042-.267.2-.854.773a.25.25 0 01-.329.02l-.347-.27a.25.25 0 01-.033-.367c.542-.596 1.047-1.029 1.502-1.286.477-.269.88-.4 1.232-.4.227 0 .411.057.547.17a.621.621 0 01.225.492c0 .132-.063.474-.522 2.015-.657 2.203-.814 3.003-.825 3.28.125-.074.419-.283 1.046-.873a.25.25 0 01.347.003l.308.3a.25.25 0 01-.003.363z"
                    fill="var(--expo-theme-icon-default)"
                  />
                </svg>
              </div>
              <div>
                

              </div>
            </blockquote>
            

            <p
              class="emotion-8"
              data-text="true"
            >
              [{
"autoVerify": true,
"data": {"host": "*.example.com"
}
}]
            </p>
          </td>
        </tr>
        <tr
          class="emotion-3"
        >
          <td
            class="emotion-7"
          >
            <div
              data-testid="<subpropertyAnchor level={1}><inlineCode>autoVerify</inlineCode></subpropertyAnchor>"
              style="margin-left: 32px; display: list-item; list-style-type: default; overflow-x: visible;"
            >
              <p
                class="emotion-8"
                data-text="true"
              >
                &lt;subpropertyAnchor level={1}&gt;
                &lt;inlineCode&gt;
                autoVerify
                &lt;/inlineCode&gt;
                &lt;/subpropertyAnchor&gt;
              </p>
            </div>
          </td>
          <td
            class="emotion-9"
          >
            <p
              class="emotion-8"
              data-text="true"
            >
              <strong
                class="emotion-11"
              >
                (boolean)
              </strong>
               - You may also use an intent filter to set your app as the default handler for links
            </p>
          </td>
        </tr>
        <tr
          class="emotion-3"
        >
          <td
            class="emotion-7"
          >
            <div
              data-testid="<subpropertyAnchor level={1}><inlineCode>data</inlineCode></subpropertyAnchor>"
              style="margin-left: 32px; display: list-item; list-style-type: default; overflow-x: visible;"
            >
              <p
                class="emotion-8"
                data-text="true"
              >
                &lt;subpropertyAnchor level={1}&gt;
                &lt;inlineCode&gt;
                data
                &lt;/inlineCode&gt;
                &lt;/subpropertyAnchor&gt;
              </p>
            </div>
          </td>
          <td
            class="emotion-9"
          >
            <p
              class="emotion-8"
              data-text="true"
            >
              <strong
                class="emotion-11"
              >
                (array || object)
              </strong>
            </p>
          </td>
        </tr>
        <tr
          class="emotion-3"
        >
          <td
            class="emotion-7"
          >
            <div
              data-testid="<subpropertyAnchor level={2}><inlineCode>host</inlineCode></subpropertyAnchor>"
              style="margin-left: 64px; display: list-item; list-style-type: circle; overflow-x: visible;"
            >
              <p
                class="emotion-8"
                data-text="true"
              >
                &lt;subpropertyAnchor level={2}&gt;
                &lt;inlineCode&gt;
                host
                &lt;/inlineCode&gt;
                &lt;/subpropertyAnchor&gt;
              </p>
            </div>
          </td>
          <td
            class="emotion-9"
          >
            <p
              class="emotion-8"
              data-text="true"
            >
              <strong
                class="emotion-11"
              >
                (string)
              </strong>
            </p>
          </td>
        </tr>
      </tbody>
    </table>
  </div>
</div>
`;
