// Jest Snapshot v1, https://goo.gl/fbAQLP

exports[`DocumentationSidebarRight correctly matches snapshot 1`] = `
<div>
  <nav
    class="css-1u2eykn"
    data-sidebar="true"
  >
    <a
      class="css-1fc6p3j"
      href="#base-level-heading"
      style="padding-left: 0px;"
    >
      <span
        class="css-12j5c3t"
      >
        Base level heading
      </span>
    </a>
    <a
      class="css-1yg0875"
      href="#level-3-subheading"
      style="padding-left: 12px;"
    >
      <span
        class="css-12j5c3t"
      >
        Level 3 subheading
      </span>
    </a>
    <a
      class="css-1yg0875"
      href="#code-heading-depth-1"
      style="padding-left: 12px;"
    >
      <span
        class="css-1ta84j1"
      >
        Code heading depth 1
      </span>
    </a>
  </nav>
</div>
`;
