// Jest Snapshot v1, https://goo.gl/fbAQLP

exports[`handles malformed responses 1`] = `"There was a problem understanding the server."`;

exports[`supports GET requests 1`] = `"https://exp.host/--/api/v2/example?a=1&b=true&c=hi"`;

exports[`supports POST requests 1`] = `"https://exp.host/--/api/v2/example"`;

exports[`supports POST requests 2`] = `"{\\"a\\":1,\\"b\\":true,\\"c\\":\\"hi\\",\\"d\\":[\\"list\\"],\\"e\\":{\\"nested\\":true}}"`;
